2026-09-23 08:04:56,714 INFO Start Date :2026-03-24T00:04:56.714546+00:00
2026-09-23 08:04:56,714 INFO End Date :2026-09-23T08:04:56.714546+00:00
2026-09-23 08:04:57,280 INFO current timestamp :2026-09-23T07:00:00
2026-09-23 08:05:05,384 INFO Start Date :2026-08-26T20:05:05.384485+00:00
2026-09-23 08:05:05,384 INFO End Date :2026-09-23T08:05:05.384485+00:00
2026-09-23 08:05:05,832 INFO current timestamp :2026-09-23T07:00:00
2026-09-23 08:05:06,230 INFO Start Date :2026-06-23T16:05:06.230531+00:00
2026-09-23 08:05:06,230 INFO End Date :2026-09-23T08:05:06.230531+00:00
2026-09-23 08:05:06,816 INFO current timestamp :2026-09-23T07:00:00
2026-09-23 08:05:07,239 INFO cold start on 1h — adopting bar 2026-09-23 07:00:00, not replaying 999 bars
2026-09-23 08:05:07,240 INFO Start Date :2026-08-08T12:05:07.240827+00:00
2026-09-23 08:05:07,240 INFO End Date :2026-09-23T08:05:07.240827+00:00
2026-09-23 08:05:07,758 INFO current timestamp :2026-09-23T07:00:00
2026-09-23 08:05:08,303 INFO Start Date :2026-08-17T16:05:08.303295+00:00
2026-09-23 08:05:08,303 INFO End Date :2026-09-23T08:05:08.303295+00:00
2026-09-23 08:05:08,860 INFO current timestamp :2026-09-23T07:00:00
2026-09-23 08:05:09,743 INFO paper trader starting — XAUUSD, 8 strategies, equity 10000.00
2026-09-23 08:05:10,317 INFO looping for 340 min, polling every 60s
2026-09-23 08:05:10,317 INFO Start Date :2026-06-23T16:05:10.317649+00:00
2026-09-23 08:05:10,317 INFO End Date :2026-09-23T08:05:10.317649+00:00
2026-09-23 08:05:10,880 INFO current timestamp :2026-09-23T07:00:00
2026-09-23 08:05:11,899 INFO cold start on 1h — adopting bar 2026-09-23 07:00:00, not replaying 999 bars
2026-09-23 08:05:11,899 INFO Start Date :2026-08-31T10:05:11.899207+00:00
2026-09-23 08:05:11,899 INFO End Date :2026-09-23T08:05:11.899207+00:00
2026-09-23 08:05:12,484 INFO current timestamp :2026-09-23T07:45:00
2026-09-23 08:05:12,925 INFO cold start on 15m — adopting bar 2026-09-23 07:45:00, not replaying 999 bars
2026-09-23 08:06:12,926 INFO Start Date :2026-06-23T16:06:12.926764+00:00
2026-09-23 08:06:12,927 INFO End Date :2026-09-23T08:06:12.926764+00:00
2026-09-23 08:06:13,455 INFO current timestamp :2026-09-23T07:00:00
2026-09-23 08:06:13,801 INFO Start Date :2026-08-31T10:06:13.801674+00:00
2026-09-23 08:06:13,801 INFO End Date :2026-09-23T08:06:13.801674+00:00
2026-09-23 08:06:14,468 INFO current timestamp :2026-09-23T07:45:00
2026-09-23 08:07:14,811 INFO Start Date :2026-06-23T16:07:14.811888+00:00
2026-09-23 08:07:14,812 INFO End Date :2026-09-23T08:07:14.811888+00:00
2026-09-23 08:07:15,297 INFO current timestamp :2026-09-23T07:00:00
2026-09-23 08:07:15,644 INFO Start Date :2026-08-31T10:07:15.644377+00:00
2026-09-23 08:07:15,644 INFO End Date :2026-09-23T08:07:15.644377+00:00
2026-09-23 08:07:16,221 INFO current timestamp :2026-09-23T07:45:00
2026-09-23 08:08:16,560 INFO Start Date :2026-06-23T16:08:16.560434+00:00
2026-09-23 08:08:16,560 INFO End Date :2026-09-23T08:08:16.560434+00:00
2026-09-23 08:08:17,089 INFO current timestamp :2026-09-23T07:00:00
2026-09-23 08:08:17,482 INFO Start Date :2026-08-31T10:08:17.482085+00:00
2026-09-23 08:08:17,482 INFO End Date :2026-09-23T08:08:17.482085+00:00
2026-09-23 08:08:18,131 INFO current timestamp :2026-09-23T07:45:00
2026-09-23 08:09:18,471 INFO Start Date :2026-06-23T16:09:18.471807+00:00
2026-09-23 08:09:18,472 INFO End Date :2026-09-23T08:09:18.471807+00:00
2026-09-23 08:09:19,006 INFO current timestamp :2026-09-23T07:00:00
2026-09-23 08:09:19,410 INFO Start Date :2026-08-31T10:09:19.410565+00:00
2026-09-23 08:09:19,410 INFO End Date :2026-09-23T08:09:19.410565+00:00
2026-09-23 08:09:20,002 INFO current timestamp :2026-09-23T07:45:00
2026-09-23 08:10:20,834 INFO Start Date :2026-06-23T16:10:20.833938+00:00
2026-09-23 08:10:20,834 INFO End Date :2026-09-23T08:10:20.833938+00:00
2026-09-23 08:10:21,297 INFO current timestamp :2026-09-23T07:00:00
2026-09-23 08:10:21,673 INFO Start Date :2026-08-31T10:10:21.673516+00:00
2026-09-23 08:10:21,673 INFO End Date :2026-09-23T08:10:21.673516+00:00
2026-09-23 08:10:22,418 INFO current timestamp :2026-09-23T07:45:00
2026-09-23 08:11:22,860 INFO Start Date :2026-06-23T16:11:22.860617+00:00
2026-09-23 08:11:22,860 INFO End Date :2026-09-23T08:11:22.860617+00:00
2026-09-23 08:11:23,439 INFO current timestamp :2026-09-23T07:00:00
2026-09-23 08:11:23,862 INFO Start Date :2026-08-31T10:11:23.862149+00:00
2026-09-23 08:11:23,862 INFO End Date :2026-09-23T08:11:23.862149+00:00
2026-09-23 08:11:24,401 INFO current timestamp :2026-09-23T07:45:00
2026-09-23 08:12:24,738 INFO Start Date :2026-06-23T16:12:24.738790+00:00
2026-09-23 08:12:24,739 INFO End Date :2026-09-23T08:12:24.738790+00:00
2026-09-23 08:12:25,293 INFO current timestamp :2026-09-23T07:00:00
2026-09-23 08:12:25,789 INFO Start Date :2026-08-31T10:12:25.789061+00:00
2026-09-23 08:12:25,789 INFO End Date :2026-09-23T08:12:25.789061+00:00
2026-09-23 08:12:26,371 INFO current timestamp :2026-09-23T07:45:00
2026-09-23 08:13:26,811 INFO Start Date :2026-06-23T16:13:26.811463+00:00
2026-09-23 08:13:26,811 INFO End Date :2026-09-23T08:13:26.811463+00:00
2026-09-23 08:13:27,707 INFO current timestamp :2026-09-23T07:00:00
2026-09-23 08:13:28,627 INFO Start Date :2026-08-31T10:13:28.627427+00:00
2026-09-23 08:13:28,627 INFO End Date :2026-09-23T08:13:28.627427+00:00
2026-09-23 08:13:29,627 INFO current timestamp :2026-09-23T07:45:00
2026-09-23 08:14:30,478 INFO Start Date :2026-06-23T16:14:30.478363+00:00
2026-09-23 08:14:30,478 INFO End Date :2026-09-23T08:14:30.478363+00:00
2026-09-23 08:14:30,943 INFO current timestamp :2026-09-23T07:00:00
2026-09-23 08:14:31,386 INFO Start Date :2026-08-31T10:14:31.386951+00:00
2026-09-23 08:14:31,387 INFO End Date :2026-09-23T08:14:31.386951+00:00
2026-09-23 08:14:32,066 INFO current timestamp :2026-09-23T07:45:00
2026-09-23 08:15:32,421 INFO Start Date :2026-06-23T16:15:32.421590+00:00
2026-09-23 08:15:32,421 INFO End Date :2026-09-23T08:15:32.421590+00:00
2026-09-23 08:15:32,940 INFO current timestamp :2026-09-23T07:00:00
2026-09-23 08:15:33,283 INFO Start Date :2026-08-31T10:15:33.283704+00:00
2026-09-23 08:15:33,283 INFO End Date :2026-09-23T08:15:33.283704+00:00
2026-09-23 08:15:33,940 INFO current timestamp :2026-09-23T08:00:00
2026-09-23 08:15:34,308 INFO Start Date :2026-09-23T08:04:34.308764+00:00
2026-09-23 08:15:34,308 INFO End Date :2026-09-23T08:15:34.308764+00:00
2026-09-23 08:15:34,644 INFO current timestamp :2026-09-23T08:14:00
2026-09-23 08:15:35,020 INFO new 15m bar 2026-09-23 08:00:00  o=4319.30 h=4321.24 l=4316.91 c=4319.40
2026-09-23 08:16:35,022 INFO Start Date :2026-06-23T16:16:35.021918+00:00
2026-09-23 08:16:35,022 INFO End Date :2026-09-23T08:16:35.021918+00:00
2026-09-23 08:16:35,507 INFO current timestamp :2026-09-23T07:00:00
2026-09-23 08:16:35,955 INFO Start Date :2026-08-31T10:16:35.955064+00:00
2026-09-23 08:16:35,955 INFO End Date :2026-09-23T08:16:35.955064+00:00
2026-09-23 08:16:36,555 INFO current timestamp :2026-09-23T08:00:00
2026-09-23 08:17:38,395 INFO Start Date :2026-06-23T16:17:38.395399+00:00
2026-09-23 08:17:38,395 INFO End Date :2026-09-23T08:17:38.395399+00:00
2026-09-23 08:17:38,837 INFO current timestamp :2026-09-23T07:00:00
2026-09-23 08:17:39,198 INFO Start Date :2026-08-31T10:17:39.198215+00:00
2026-09-23 08:17:39,198 INFO End Date :2026-09-23T08:17:39.198215+00:00
2026-09-23 08:17:40,105 INFO current timestamp :2026-09-23T08:00:00
2026-09-23 08:18:40,518 INFO Start Date :2026-06-23T16:18:40.518840+00:00
2026-09-23 08:18:40,519 INFO End Date :2026-09-23T08:18:40.518840+00:00
2026-09-23 08:18:41,109 INFO current timestamp :2026-09-23T07:00:00
2026-09-23 08:18:41,585 INFO Start Date :2026-08-31T10:18:41.585322+00:00
2026-09-23 08:18:41,585 INFO End Date :2026-09-23T08:18:41.585322+00:00
2026-09-23 08:18:42,122 INFO current timestamp :2026-09-23T08:00:00
2026-09-23 08:19:42,582 INFO Start Date :2026-06-23T16:19:42.582436+00:00
2026-09-23 08:19:42,582 INFO End Date :2026-09-23T08:19:42.582436+00:00
2026-09-23 08:19:43,082 INFO current timestamp :2026-09-23T07:00:00
2026-09-23 08:19:43,414 INFO Start Date :2026-08-31T10:19:43.414916+00:00
2026-09-23 08:19:43,415 INFO End Date :2026-09-23T08:19:43.414916+00:00
2026-09-23 08:19:44,023 INFO current timestamp :2026-09-23T08:00:00
2026-09-23 08:20:44,356 INFO Start Date :2026-06-23T16:20:44.356034+00:00
2026-09-23 08:20:44,356 INFO End Date :2026-09-23T08:20:44.356034+00:00
2026-09-23 08:20:44,836 INFO current timestamp :2026-09-23T07:00:00
2026-09-23 08:20:45,203 INFO Start Date :2026-08-31T10:20:45.203206+00:00
2026-09-23 08:20:45,203 INFO End Date :2026-09-23T08:20:45.203206+00:00
2026-09-23 08:20:45,780 INFO current timestamp :2026-09-23T08:00:00
